22:29:07 **** Incremental Build of configuration Debug for project do_an_tot_nghiep ****
make -j8 all 
arm-none-eabi-gcc "../Core/Src/main.c" -mcpu=cortex-m4 -std=gnu11 -g3 -DDEBUG -DUSE_HAL_DRIVER -DSTM32F411xE -c -I../Core/Inc -I../Drivers/STM32F4xx_HAL_Driver/Inc -I../Drivers/STM32F4xx_HAL_Driver/Inc/Legacy -I../Drivers/CMSIS/Device/ST/STM32F4xx/Include -I../Drivers/CMSIS/Include -O0 -ffunction-sections -fdata-sections -Wall -fstack-usage -fcyclomatic-complexity -MMD -MP -MF"Core/Src/main.d" -MT"Core/Src/main.o" --specs=nano.specs -mfpu=fpv4-sp-d16 -mfloat-abi=hard -mthumb -o "Core/Src/main.o"
../Core/Src/main.c: In function 'HAL_TIM_PeriodElapsedCallback':
../Core/Src/main.c:129:33: warning: pointer targets in passing argument 1 of 'sprintf' differ in signedness [-Wpointer-sign]
  129 |                         sprintf(data,"!L:%d#R:%d#\n",encoder_value_left,encoder_value_right);
      |                                 ^~~~
      |                                 |
      |                                 uint8_t * {aka unsigned char *}
In file included from ../Core/Src/main.c:25:
G:\stm32cubeide\stm32cubeide114\STM32CubeIDE_1.14.0\STM32CubeIDE\plugins\com.st.stm32cube.ide.mcu.externaltools.gnu-tools-for-stm32.11.3.rel1.win32_1.1.100.202309141235\tools\arm-none-eabi\include\stdio.h:254:18: note: expected 'char * restrict' but argument is of type 'uint8_t *' {aka 'unsigned char *'}
  254 | int     sprintf (char *__restrict, const char *__restrict, ...)
      |                  ^
../Core/Src/main.c:129:43: warning: format '%d' expects argument of type 'int', but argument 3 has type 'int32_t' {aka 'long int'} [-Wformat=]
  129 |                         sprintf(data,"!L:%d#R:%d#\n",encoder_value_left,encoder_value_right);
      |                                          ~^          ~~~~~~~~~~~~~~~~~~
      |                                           |          |
      |                                           int        int32_t {aka long int}
      |                                          %ld
../Core/Src/main.c:129:48: warning: format '%d' expects argument of type 'int', but argument 4 has type 'int32_t' {aka 'long int'} [-Wformat=]
  129 |                         sprintf(data,"!L:%d#R:%d#\n",encoder_value_left,encoder_value_right);
      |                                               ~^                        ~~~~~~~~~~~~~~~~~~~
      |                                                |                        |
      |                                                int                      int32_t {aka long int}
      |                                               %ld
../Core/Src/main.c:132:43: warning: comparison between pointer and integer
  132 |                                 if(data[i]!= "" ){
      |                                           ^~
../Core/Src/main.c:132:43: warning: comparison with string literal results in unspecified behavior [-Waddress]
arm-none-eabi-gcc -o "do_an_tot_nghiep.elf" @"objects.list"   -mcpu=cortex-m4 -T"G:\stm32cubeide\fileSave_cubeIDE\do_an_tot_nghiep\do_an_tot_nghiep\STM32F411VETX_FLASH.ld" --specs=nosys.specs -Wl,-Map="do_an_tot_nghiep.map" -Wl,--gc-sections -static --specs=nano.specs -mfpu=fpv4-sp-d16 -mfloat-abi=hard -mthumb -u _printf_float -u _scanf_float -Wl,--start-group -lc -lm -Wl,--end-group
Finished building target: do_an_tot_nghiep.elf
 
arm-none-eabi-size  do_an_tot_nghiep.elf 
arm-none-eabi-objdump -h -S do_an_tot_nghiep.elf  > "do_an_tot_nghiep.list"
arm-none-eabi-objcopy  -O ihex do_an_tot_nghiep.elf  "do_an_tot_nghiep.hex"
   text	   data	    bss	    dec	    hex	filename
  42264	    480	   2464	  45208	   b098	do_an_tot_nghiep.elf
Finished building: default.size.stdout
 
Finished building: do_an_tot_nghiep.hex
 
Finished building: do_an_tot_nghiep.list
 
22:29:09 **** Incremental Build of configuration Debug for project do_an_tot_nghiep ****
make -j8 all 
arm-none-eabi-size  do_an_tot_nghiep.elf 
   text	   data	    bss	    dec	    hex	filename
  42264	    480	   2464	  45208	   b098	do_an_tot_nghiep.elf
Finished building: default.size.stdout
 
